// Jest Snapshot v1, https://goo.gl/fbAQLP

exports[`CarouselContainer should render correctly 1`] = `
<div
  className="carousel-container"
>
  <Gallery />
</div>
`;
