// Jest Snapshot v1, https://goo.gl/fbAQLP

exports[`ResultContainer should render correctly 1`] = `
<div
  className="result-container"
>
  <div />
  <div>
    <CarouselContainer />
  </div>
</div>
`;
