// Jest Snapshot v1, https://goo.gl/fbAQLP

exports[`ScoreContainer should render correctly 1`] = `
<div
  className="score-container"
>
  mockSport
   - 
  mockEventName
</div>
`;
